
E:\lxy\github\2020_lxy>git add *

E:\lxy\github\2020_lxy>git commit -m "2020"
[master (root-commit) 6bee987] 2020
 1 file changed, 1 insertion(+)
 create mode 100644 abc.txt

E:\lxy\github\2020_lxy>git push origin master
fatal: 'origin' does not appear to be a git repository
fatal: Could not read from remote repository.

Please make sure you have the correct access rights
and the repository exists.

E:\lxy\github\2020_lxy>git config
usage: git config [<options>]

Config file location
    --global              use global config file
    --system              use system config file
    --local               use repository config file
    -f, --file <file>     use given config file
    --blob <blob-id>      read config from given blob object

Action
    --get                 get value: name [value-regex]
    --get-all             get all values: key [value-regex]
    --get-regexp          get values for regexp: name-regex [value-regex]
    --get-urlmatch        get value specific for the URL: section[.var] URL
    --replace-all         replace all matching variables: name value [value_regex]
    --add                 add a new variable: name value
    --unset               remove a variable: name [value-regex]
    --unset-all           remove all matches: name [value-regex]
    --rename-section      rename section: old-name new-name
    --remove-section      remove a section: name
    -l, --list            list all
    -e, --edit            open an editor
    --get-color           find the color configured: slot [default]
    --get-colorbool       find the color setting: slot [stdout-is-tty]

Type
    --bool                value is "true" or "false"
    --int                 value is decimal number
    --bool-or-int         value is --bool or --int
    --path                value is a path (file or directory name)

Other
    -z, --null            terminate values with NUL byte
    --name-only           show variable names only
    --includes            respect include directives on lookup
    --show-origin         show origin of config (file, standard input, blob, command line)


E:\lxy\github\2020_lxy>git config global
error: key does not contain a section: global

E:\lxy\github\2020_lxy>git push origin master
fatal: 'origin' does not appear to be a git repository
fatal: Could not read from remote repository.

Please make sure you have the correct access rights
and the repository exists.


E:\lxy\github\2020_lxy>git remote add origin https://github.com/lipaisan/2020_lxy.git

E:\lxy\github\2020_lxy>git push -u origin master
Fatal: AggregateException encountered.
Fatal: AggregateException encountered.
Username for 'https://github.com': huangzisidian@163.com
Password for 'https://huangzisidian@163.com@github.com':
Counting objects: 3, done.
Writing objects: 100% (3/3), 219 bytes | 0 bytes/s, done.
Total 3 (delta 0), reused 0 (delta 0)
To https://github.com/lipaisan/2020_lxy.git
 * [new branch]      master -> master
Branch master set up to track remote branch master from origin.

E:\lxy\github\2020_lxy>git push -u origin master












